// Jest Snapshot v1, https://goo.gl/fbAQLP

exports[`GitHubCard renders correctly 1`] = `
<DocumentFragment>
  <div
    class="card"
    style="width: 18rem;"
  >
    <img
      class="card-img-top"
      src="../assets/natalie.jpg"
    />
    <div
      class="card-body"
    >
      <div
        class="card-title h5"
      >
        Natalie Ojeda
      </div>
      <p
        class="card-text"
      >
        I live in California.
      </p>
    </div>
  </div>
</DocumentFragment>
`;
